

> scatter@0.0.0 storybook /opt/web-sdk/apps/scatter
> PUBLIC_CHROMATIC=true storybook dev -p 6001 public

[1mstorybook v9.0.15[22m[0m
[0m
You are currently using Storybook [1m9.0.15[22m but you have packages which are incompatible with it:

- @storybook/addon-svelte-csf@5.0.5 which depends on ^0.1.13

Please consider updating your packages or contacting the maintainers for compatibility details.

For more on Storybook 9 compatibility, see the linked GitHub issue:
https://github.com/storybookjs/storybook/issues/30944
[32minfo[0m[35m[0m => Serving static files from [36m././static[39m at [36m/[39m
[0m[32minfo[0m[35m[0m => Starting manager..
[0mNo story files found for the specified pattern: [34msrc/**/*.mdx[39m
CSF Parsing error: Expected 'ObjectExpression' but found 'undefined' instead in 'Identifier'.
CSF Parsing error: Expected 'ObjectExpression' but found 'undefined' instead in 'Identifier'.
[32minfo[0m[35m[0m => Starting preview..
[0m[1m[31mThe following Vite config options will be overridden by SvelteKit:[22m[39m
  - base
[2m11:53:37 AM[22m [36m[1m[vite][22m[39m [90m[2m(client)[22m[39m Forced re-optimization of dependencies
[38;5;211m╭──────────────────────────────────────────────────────────────────────────────────────────╮[39m
[38;5;211m│[39m                                                                                          [38;5;211m│[39m
[38;5;211m│[39m   [38;2;162;224;94mStorybook [1m9.0.15[22m for [1msveltekit[22m started[39m                                                 [38;5;211m│[39m
[38;5;211m│[39m   [90m[4m271 ms[24m for manager and [4m696 ms[24m for preview[39m                                              [38;5;211m│[39m
[38;5;211m│[39m                                                                                          [38;5;211m│[39m
[38;5;211m│[39m    Local:            [36mhttp://localhost:6001/[39m                                              [38;5;211m│[39m
[38;5;211m│[39m    On your network:  [36mhttp://172.27.15.224:6001/[39m                                          [38;5;211m│[39m
[38;5;211m│[39m                                                                                          [38;5;211m│[39m
[38;5;211m│[39m   [38;2;243;173;56mA new version ([1m10.6.0[22m) is available![39m                                                   [38;5;211m│[39m
[38;5;211m│[39m                                                                                          [38;5;211m│[39m
[38;5;211m│[39m   [90mUpgrade now:[39m [38;2;162;224;94mnpx storybook@latest upgrade[39m                                              [38;5;211m│[39m
[38;5;211m│[39m                                                                                          [38;5;211m│[39m
[38;5;211m│[39m   [90mRead full changelog:[39m [90m[4mhttps://github.com/storybookjs/storybook/blob/main/CHANGELOG.md[24m[39m   [38;5;211m│[39m
[38;5;211m│[39m                                                                                          [38;5;211m│[39m
[38;5;211m╰──────────────────────────────────────────────────────────────────────────────────────────╯[39m
CSF Parsing error: Expected 'ObjectExpression' but found 'undefined' instead in 'Identifier'.
CSF Parsing error: Expected 'ObjectExpression' but found 'undefined' instead in 'Identifier'.
[36m11:54:01 AM [vite-plugin-svelte] /opt/web-sdk/packages/components-ui-html/src/components/Modals.svelte:42:2 No scopable elements found in template. If you're using global styles in the style tag, you should move it into an external stylesheet file and import it in JS. See https://github.com/sveltejs/vite-plugin-svelte/blob/main/docs/faq.md#where-should-i-put-my-global-styles.[39m
[36m11:54:01 AM [vite-plugin-svelte] src/components/JcaGameModeModal.svelte:36:8 `dialogElement` is updated, but is not declared with `$state(...)`. Changing its value will not correctly trigger updates
https://svelte.dev/e/non_reactive_update[39m















































[1;1H[0J[2m11:55:19 AM[22m [36m[1m[vite][22m[39m [90m[2m(client)[22m[39m [32mhmr update [39m[2m/@id/__x00__virtual:/@storybook/builder-vite/vite-app.js, /src/components/Game.svelte, /src/components/EnableSound.svelte, /src/components/EnableGameActor.svelte, /src/components/ResumeBet.svelte, /src/components/Sound.svelte, /src/components/Background.svelte, /src/components/BoardFrame.svelte, /src/components/BoardFrameOverlay.svelte, /src/components/Board.svelte, /src/components/Anticipations.svelte, /src/components/LoadingScreen.svelte, /src/components/ClusterWinAmounts.svelte, /src/components/TumbleBoard.svelte, /src/components/TumbleWinAmount.svelte, /src/components/GlobalMultiplier.svelte, /src/components/MultiplierBoard.svelte, /src/components/MultiplierTotal.svelte, /src/components/Win.svelte, /src/components/FreeSpinIntro.svelte, /src/components/FreeSpinCounter.svelte, /src/components/FreeSpinOutro.svelte, /src/components/Transition.svelte, /src/components/JcaHud.svelte, /src/components/Symbol.svelte, /src/components/BoardContainer.svelte, /src/components/BoardMask.svelte, /src/components/BoardBase.svelte, /src/components/Anticipation.svelte, /src/components/TransitionAnimation.svelte, /src/components/PressToContinue.svelte, /src/components/ClusterWinAmount.svelte, /src/components/TumbleBoardBase.svelte, /src/components/TumbleWinAmountWrap.svelte, /src/components/MultiplierBoardBase.svelte, /src/components/WinCoins.svelte, /src/components/WinAnimation.svelte, /src/components/FreeSpinAnimation.svelte, /src/components/JcaMainHud.svelte, /src/components/SymbolSpine.svelte, /src/components/SymbolSprite.svelte, /src/components/ReelSymbol.svelte, /src/components/TumbleSymbol.svelte, /src/components/MultiplierSymbol.svelte, /src/components/SymbolSpineMain.svelte, /src/components/SymbolSpineBackground.svelte, /src/components/TumbleWinAmountFrame.svelte, /src/components/TumbleWinAmountText.svelte, /src/components/SymbolWrap.svelte[22m
CSF Parsing error: Expected 'ObjectExpression' but found 'undefined' instead in 'Identifier'.















































[1;1H[0J[2m11:55:57 AM[22m [36m[1m[vite][22m[39m [90m[2m(client)[22m[39m [32mhmr update [39m[2m/@id/__x00__virtual:/@storybook/builder-vite/vite-app.js, /src/components/Game.svelte, /src/components/EnableSound.svelte, /src/components/EnableGameActor.svelte, /src/components/ResumeBet.svelte, /src/components/Sound.svelte, /src/components/Background.svelte, /src/components/BoardFrame.svelte, /src/components/BoardFrameOverlay.svelte, /src/components/Board.svelte, /src/components/Anticipations.svelte, /src/components/LoadingScreen.svelte, /src/components/ClusterWinAmounts.svelte, /src/components/TumbleBoard.svelte, /src/components/TumbleWinAmount.svelte, /src/components/GlobalMultiplier.svelte, /src/components/MultiplierBoard.svelte, /src/components/MultiplierTotal.svelte, /src/components/Win.svelte, /src/components/FreeSpinIntro.svelte, /src/components/FreeSpinCounter.svelte, /src/components/FreeSpinOutro.svelte, /src/components/Transition.svelte, /src/components/JcaHud.svelte, /src/components/Symbol.svelte, /src/components/BoardContainer.svelte, /src/components/BoardMask.svelte, /src/components/BoardBase.svelte, /src/components/Anticipation.svelte, /src/components/TransitionAnimation.svelte, /src/components/PressToContinue.svelte, /src/components/ClusterWinAmount.svelte, /src/components/TumbleBoardBase.svelte, /src/components/TumbleWinAmountWrap.svelte, /src/components/MultiplierBoardBase.svelte, /src/components/WinCoins.svelte, /src/components/WinAnimation.svelte, /src/components/FreeSpinAnimation.svelte, /src/components/JcaMainHud.svelte, /src/components/SymbolSpine.svelte, /src/components/SymbolSprite.svelte, /src/components/ReelSymbol.svelte, /src/components/TumbleSymbol.svelte, /src/components/MultiplierSymbol.svelte, /src/components/SymbolSpineMain.svelte, /src/components/SymbolSpineBackground.svelte, /src/components/TumbleWinAmountFrame.svelte, /src/components/TumbleWinAmountText.svelte, /src/components/SymbolWrap.svelte[22m [33m(x2)[39m
CSF Parsing error: Expected 'ObjectExpression' but found 'undefined' instead in 'Identifier'.















































[1;1H[0J[2m11:56:37 AM[22m [36m[1m[vite][22m[39m [90m[2m(client)[22m[39m [32mhmr update [39m[2m/@id/__x00__virtual:/@storybook/builder-vite/vite-app.js, /src/components/Game.svelte, /src/components/EnableSound.svelte, /src/components/EnableGameActor.svelte, /src/components/ResumeBet.svelte, /src/components/Sound.svelte, /src/components/Background.svelte, /src/components/BoardFrame.svelte, /src/components/BoardFrameOverlay.svelte, /src/components/Board.svelte, /src/components/Anticipations.svelte, /src/components/LoadingScreen.svelte, /src/components/ClusterWinAmounts.svelte, /src/components/TumbleBoard.svelte, /src/components/TumbleWinAmount.svelte, /src/components/GlobalMultiplier.svelte, /src/components/MultiplierBoard.svelte, /src/components/MultiplierTotal.svelte, /src/components/Win.svelte, /src/components/FreeSpinIntro.svelte, /src/components/FreeSpinCounter.svelte, /src/components/FreeSpinOutro.svelte, /src/components/Transition.svelte, /src/components/JcaHud.svelte, /src/components/Symbol.svelte, /src/components/BoardContainer.svelte, /src/components/BoardMask.svelte, /src/components/BoardBase.svelte, /src/components/Anticipation.svelte, /src/components/TransitionAnimation.svelte, /src/components/PressToContinue.svelte, /src/components/ClusterWinAmount.svelte, /src/components/TumbleBoardBase.svelte, /src/components/TumbleWinAmountWrap.svelte, /src/components/MultiplierBoardBase.svelte, /src/components/WinCoins.svelte, /src/components/WinAnimation.svelte, /src/components/FreeSpinAnimation.svelte, /src/components/JcaMainHud.svelte[22m
CSF Parsing error: Expected 'ObjectExpression' but found 'undefined' instead in 'Identifier'.















































[1;1H[0J[2m11:57:33 AM[22m [36m[1m[vite][22m[39m [90m[2m(client)[22m[39m [32mhmr update [39m[2m/@id/__x00__virtual:/@storybook/builder-vite/vite-app.js, /src/components/Game.svelte, /src/components/EnableSound.svelte, /src/components/EnableGameActor.svelte, /src/components/ResumeBet.svelte, /src/components/Sound.svelte, /src/components/Background.svelte, /src/components/BoardFrame.svelte, /src/components/BoardFrameOverlay.svelte, /src/components/Board.svelte, /src/components/Anticipations.svelte, /src/components/LoadingScreen.svelte, /src/components/ClusterWinAmounts.svelte, /src/components/TumbleBoard.svelte, /src/components/TumbleWinAmount.svelte, /src/components/GlobalMultiplier.svelte, /src/components/MultiplierBoard.svelte, /src/components/MultiplierTotal.svelte, /src/components/Win.svelte, /src/components/FreeSpinIntro.svelte, /src/components/FreeSpinCounter.svelte, /src/components/FreeSpinOutro.svelte, /src/components/Transition.svelte, /src/components/JcaHud.svelte, /src/components/Symbol.svelte, /src/components/BoardContainer.svelte, /src/components/BoardMask.svelte, /src/components/BoardBase.svelte, /src/components/Anticipation.svelte, /src/components/TransitionAnimation.svelte, /src/components/PressToContinue.svelte, /src/components/ClusterWinAmount.svelte, /src/components/TumbleBoardBase.svelte, /src/components/TumbleWinAmountWrap.svelte, /src/components/MultiplierBoardBase.svelte, /src/components/WinCoins.svelte, /src/components/WinAnimation.svelte, /src/components/FreeSpinAnimation.svelte, /src/components/JcaMainHud.svelte, /src/components/SymbolSpine.svelte, /src/components/SymbolSprite.svelte, /src/components/ReelSymbol.svelte, /src/components/TumbleSymbol.svelte, /src/components/MultiplierSymbol.svelte, /src/components/SymbolSpineMain.svelte, /src/components/SymbolSpineBackground.svelte, /src/components/TumbleWinAmountFrame.svelte, /src/components/TumbleWinAmountText.svelte, /src/components/SymbolWrap.svelte[22m
CSF Parsing error: Expected 'ObjectExpression' but found 'undefined' instead in 'Identifier'.















































[1;1H[0J[2m11:58:37 AM[22m [36m[1m[vite][22m[39m [90m[2m(client)[22m[39m [32mhmr update [39m[2m/@id/__x00__virtual:/@storybook/builder-vite/vite-app.js, /src/components/Game.svelte, /src/components/EnableSound.svelte, /src/components/EnableGameActor.svelte, /src/components/ResumeBet.svelte, /src/components/Sound.svelte, /src/components/Background.svelte, /src/components/BoardFrame.svelte, /src/components/BoardFrameOverlay.svelte, /src/components/Board.svelte, /src/components/Anticipations.svelte, /src/components/LoadingScreen.svelte, /src/components/ClusterWinAmounts.svelte, /src/components/TumbleBoard.svelte, /src/components/TumbleWinAmount.svelte, /src/components/GlobalMultiplier.svelte, /src/components/MultiplierBoard.svelte, /src/components/MultiplierTotal.svelte, /src/components/Win.svelte, /src/components/FreeSpinIntro.svelte, /src/components/FreeSpinCounter.svelte, /src/components/FreeSpinOutro.svelte, /src/components/Transition.svelte, /src/components/JcaHud.svelte, /src/components/Symbol.svelte, /src/components/BoardContainer.svelte, /src/components/BoardMask.svelte, /src/components/BoardBase.svelte, /src/components/Anticipation.svelte, /src/components/TransitionAnimation.svelte, /src/components/PressToContinue.svelte, /src/components/ClusterWinAmount.svelte, /src/components/TumbleBoardBase.svelte, /src/components/TumbleWinAmountWrap.svelte, /src/components/MultiplierBoardBase.svelte, /src/components/WinCoins.svelte, /src/components/WinAnimation.svelte, /src/components/FreeSpinAnimation.svelte, /src/components/JcaMainHud.svelte, /src/components/SymbolSpine.svelte, /src/components/SymbolSprite.svelte, /src/components/ReelSymbol.svelte, /src/components/TumbleSymbol.svelte, /src/components/MultiplierSymbol.svelte, /src/components/SymbolSpineMain.svelte, /src/components/SymbolSpineBackground.svelte, /src/components/TumbleWinAmountFrame.svelte, /src/components/TumbleWinAmountText.svelte, /src/components/SymbolWrap.svelte[22m [33m(x2)[39m
CSF Parsing error: Expected 'ObjectExpression' but found 'undefined' instead in 'Identifier'.















































[1;1H[0J[2m12:20:11 PM[22m [36m[1m[vite][22m[39m [90m[2m(client)[22m[39m [32mhmr update [39m[2m/@id/__x00__virtual:/@storybook/builder-vite/vite-app.js, /src/components/Game.svelte, /src/components/EnableSound.svelte, /src/components/EnableGameActor.svelte, /src/components/ResumeBet.svelte, /src/components/Sound.svelte, /src/components/Background.svelte, /src/components/BoardFrame.svelte, /src/components/BoardFrameOverlay.svelte, /src/components/Board.svelte, /src/components/Anticipations.svelte, /src/components/LoadingScreen.svelte, /src/components/ClusterWinAmounts.svelte, /src/components/TumbleBoard.svelte, /src/components/TumbleWinAmount.svelte, /src/components/GlobalMultiplier.svelte, /src/components/MultiplierBoard.svelte, /src/components/MultiplierTotal.svelte, /src/components/Win.svelte, /src/components/FreeSpinIntro.svelte, /src/components/FreeSpinCounter.svelte, /src/components/FreeSpinOutro.svelte, /src/components/Transition.svelte, /src/components/JcaHud.svelte, /src/components/Symbol.svelte, /src/components/BoardContainer.svelte, /src/components/BoardMask.svelte, /src/components/BoardBase.svelte, /src/components/Anticipation.svelte, /src/components/TransitionAnimation.svelte, /src/components/PressToContinue.svelte, /src/components/ClusterWinAmount.svelte, /src/components/TumbleBoardBase.svelte, /src/components/TumbleWinAmountWrap.svelte, /src/components/MultiplierBoardBase.svelte, /src/components/WinCoins.svelte, /src/components/WinAnimation.svelte, /src/components/FreeSpinAnimation.svelte, /src/components/JcaMainHud.svelte, /src/components/SymbolSpine.svelte, /src/components/SymbolSprite.svelte, /src/components/ReelSymbol.svelte, /src/components/TumbleSymbol.svelte, /src/components/MultiplierSymbol.svelte, /src/components/SymbolSpineMain.svelte, /src/components/SymbolSpineBackground.svelte, /src/components/TumbleWinAmountFrame.svelte, /src/components/TumbleWinAmountText.svelte, /src/components/SymbolWrap.svelte[22m [33m(x3)[39m















































[1;1H[0J[2m12:20:11 PM[22m [36m[1m[vite][22m[39m [90m[2m(client)[22m[39m [32mhmr update [39m[2m/@id/__x00__virtual:/@storybook/builder-vite/vite-app.js, /src/components/Game.svelte, /src/components/EnableSound.svelte, /src/components/EnableGameActor.svelte, /src/components/ResumeBet.svelte, /src/components/Sound.svelte, /src/components/Background.svelte, /src/components/BoardFrame.svelte, /src/components/BoardFrameOverlay.svelte, /src/components/Board.svelte, /src/components/Anticipations.svelte, /src/components/LoadingScreen.svelte, /src/components/ClusterWinAmounts.svelte, /src/components/TumbleBoard.svelte, /src/components/TumbleWinAmount.svelte, /src/components/GlobalMultiplier.svelte, /src/components/MultiplierBoard.svelte, /src/components/MultiplierTotal.svelte, /src/components/Win.svelte, /src/components/FreeSpinIntro.svelte, /src/components/FreeSpinCounter.svelte, /src/components/FreeSpinOutro.svelte, /src/components/Transition.svelte, /src/components/JcaHud.svelte, /src/components/Symbol.svelte, /src/components/BoardContainer.svelte, /src/components/BoardMask.svelte, /src/components/BoardBase.svelte, /src/components/Anticipation.svelte, /src/components/TransitionAnimation.svelte, /src/components/PressToContinue.svelte, /src/components/ClusterWinAmount.svelte, /src/components/TumbleBoardBase.svelte, /src/components/TumbleWinAmountWrap.svelte, /src/components/MultiplierBoardBase.svelte, /src/components/WinCoins.svelte, /src/components/WinAnimation.svelte, /src/components/FreeSpinAnimation.svelte, /src/components/JcaMainHud.svelte[22m















































[1;1H[0J[2m12:20:11 PM[22m [36m[1m[vite][22m[39m [90m[2m(client)[22m[39m [32mhmr update [39m[2m/src/components/Symbol.svelte[22m















































[1;1H[0J[2m12:20:11 PM[22m [36m[1m[vite][22m[39m [90m[2m(client)[22m[39m [32mhmr update [39m[2m/src/components/JcaBoardPreview.svelte[22m















































[1;1H[0J[2m12:20:11 PM[22m [36m[1m[vite][22m[39m [90m[2m(client)[22m[39m [32mhmr update [39m[2m/@id/__x00__virtual:/@storybook/builder-vite/vite-app.js[22m
CSF Parsing error: Expected 'ObjectExpression' but found 'undefined' instead in 'Identifier'.
CSF Parsing error: Expected 'ObjectExpression' but found 'undefined' instead in 'Identifier'.















































[1;1H[0J[2m12:20:56 PM[22m [36m[1m[vite][22m[39m [90m[2m(client)[22m[39m [32mhmr update [39m[2m/@id/__x00__virtual:/@storybook/builder-vite/vite-app.js, /src/components/Game.svelte, /src/components/EnableSound.svelte, /src/components/EnableGameActor.svelte, /src/components/ResumeBet.svelte, /src/components/Sound.svelte, /src/components/Background.svelte, /src/components/BoardFrame.svelte, /src/components/BoardFrameOverlay.svelte, /src/components/Board.svelte, /src/components/Anticipations.svelte, /src/components/LoadingScreen.svelte, /src/components/ClusterWinAmounts.svelte, /src/components/TumbleBoard.svelte, /src/components/TumbleWinAmount.svelte, /src/components/GlobalMultiplier.svelte, /src/components/MultiplierBoard.svelte, /src/components/MultiplierTotal.svelte, /src/components/Win.svelte, /src/components/FreeSpinIntro.svelte, /src/components/FreeSpinCounter.svelte, /src/components/FreeSpinOutro.svelte, /src/components/Transition.svelte, /src/components/JcaHud.svelte, /src/components/Symbol.svelte, /src/components/BoardContainer.svelte, /src/components/BoardMask.svelte, /src/components/BoardBase.svelte, /src/components/Anticipation.svelte, /src/components/TransitionAnimation.svelte, /src/components/PressToContinue.svelte, /src/components/ClusterWinAmount.svelte, /src/components/TumbleBoardBase.svelte, /src/components/TumbleWinAmountWrap.svelte, /src/components/MultiplierBoardBase.svelte, /src/components/WinCoins.svelte, /src/components/WinAnimation.svelte, /src/components/FreeSpinAnimation.svelte, /src/components/JcaMainHud.svelte[22m















































[1;1H[0J[2m12:21:03 PM[22m [36m[1m[vite][22m[39m [90m[2m(client)[22m[39m [32mhmr update [39m[2m/@id/__x00__virtual:/@storybook/builder-vite/vite-app.js, /src/components/Game.svelte, /src/components/EnableSound.svelte, /src/components/EnableGameActor.svelte, /src/components/ResumeBet.svelte, /src/components/Sound.svelte, /src/components/Background.svelte, /src/components/BoardFrame.svelte, /src/components/BoardFrameOverlay.svelte, /src/components/Board.svelte, /src/components/Anticipations.svelte, /src/components/LoadingScreen.svelte, /src/components/ClusterWinAmounts.svelte, /src/components/TumbleBoard.svelte, /src/components/TumbleWinAmount.svelte, /src/components/GlobalMultiplier.svelte, /src/components/MultiplierBoard.svelte, /src/components/MultiplierTotal.svelte, /src/components/Win.svelte, /src/components/FreeSpinIntro.svelte, /src/components/FreeSpinCounter.svelte, /src/components/FreeSpinOutro.svelte, /src/components/Transition.svelte, /src/components/JcaHud.svelte, /src/components/Symbol.svelte, /src/components/BoardContainer.svelte, /src/components/BoardMask.svelte, /src/components/BoardBase.svelte, /src/components/Anticipation.svelte, /src/components/TransitionAnimation.svelte, /src/components/PressToContinue.svelte, /src/components/ClusterWinAmount.svelte, /src/components/TumbleBoardBase.svelte, /src/components/TumbleWinAmountWrap.svelte, /src/components/MultiplierBoardBase.svelte, /src/components/WinCoins.svelte, /src/components/WinAnimation.svelte, /src/components/FreeSpinAnimation.svelte, /src/components/JcaMainHud.svelte[22m [33m(x2)[39m
[2m12:21:03 PM[22m [31m[1m[vite][22m[39m [31m[2m(client)[22m[39m Pre-transform error: Transform failed with 1 error:
/opt/web-sdk/apps/scatter/src/game/assets.ts:144:13: ERROR: Expected ":" but found ","
  Plugin: [35mvite:esbuild[39m
  File: [36m/opt/web-sdk/apps/scatter/src/game/assets.ts[39m:144:13
[33m  
  [33mExpected ":" but found ","[33m
  142|  			atlas: '/assets/spines/symbols/l4.atlas',
  143|  			skeleton: '/assets/spines/symbols/l4.json',
  144|  			scale: 0,5,
     |               ^
  145|  		},
  146|  	},
  [39m















































[1;1H[0J[2m12:21:03 PM[22m [31m[1m[vite][22m[39m [31mInternal server error: Transform failed with 1 error:
/opt/web-sdk/apps/scatter/src/game/assets.ts:144:13: ERROR: Expected ":" but found ","[39m
  Plugin: [35mvite:esbuild[39m
  File: [36m/opt/web-sdk/apps/scatter/src/game/assets.ts[39m:144:13
[33m  
  [33mExpected ":" but found ","[33m
  142|  			atlas: '/assets/spines/symbols/l4.atlas',
  143|  			skeleton: '/assets/spines/symbols/l4.json',
  144|  			scale: 0,5,
     |               ^
  145|  		},
  146|  	},
  [39m
      at failureErrorWithLog (/opt/web-sdk/node_modules/.pnpm/esbuild@0.25.5/node_modules/esbuild/lib/main.js:1463:15)
      at /opt/web-sdk/node_modules/.pnpm/esbuild@0.25.5/node_modules/esbuild/lib/main.js:734:50
      at responseCallbacks.<computed> (/opt/web-sdk/node_modules/.pnpm/esbuild@0.25.5/node_modules/esbuild/lib/main.js:601:9)
      at handleIncomingPacket (/opt/web-sdk/node_modules/.pnpm/esbuild@0.25.5/node_modules/esbuild/lib/main.js:656:12)
      at Socket.readFromStdout (/opt/web-sdk/node_modules/.pnpm/esbuild@0.25.5/node_modules/esbuild/lib/main.js:579:7)
      at Socket.emit (node:events:518:28)
      at addChunk (node:internal/streams/readable:561:12)
      at readableAddChunkPushByteMode (node:internal/streams/readable:512:3)
      at Readable.push (node:internal/streams/readable:392:5)
      at Pipe.onStreamRead (node:internal/stream_base_commons:189:23)















































[1;1H[0J[2m12:21:03 PM[22m [31m[1m[vite][22m[39m [31mInternal server error: Transform failed with 1 error:
/opt/web-sdk/apps/scatter/src/game/assets.ts:144:13: ERROR: Expected ":" but found ","[39m
  Plugin: [35mvite:esbuild[39m
  File: [36m/opt/web-sdk/apps/scatter/src/game/assets.ts[39m:144:13
[33m  
  [33mExpected ":" but found ","[33m
  142|  			atlas: '/assets/spines/symbols/l4.atlas',
  143|  			skeleton: '/assets/spines/symbols/l4.json',
  144|  			scale: 0,5,
     |               ^
  145|  		},
  146|  	},
  [39m
      at failureErrorWithLog (/opt/web-sdk/node_modules/.pnpm/esbuild@0.25.5/node_modules/esbuild/lib/main.js:1463:15)
      at /opt/web-sdk/node_modules/.pnpm/esbuild@0.25.5/node_modules/esbuild/lib/main.js:734:50
      at responseCallbacks.<computed> (/opt/web-sdk/node_modules/.pnpm/esbuild@0.25.5/node_modules/esbuild/lib/main.js:601:9)
      at handleIncomingPacket (/opt/web-sdk/node_modules/.pnpm/esbuild@0.25.5/node_modules/esbuild/lib/main.js:656:12)
      at Socket.readFromStdout (/opt/web-sdk/node_modules/.pnpm/esbuild@0.25.5/node_modules/esbuild/lib/main.js:579:7)
      at Socket.emit (node:events:518:28)
      at addChunk (node:internal/streams/readable:561:12)
      at readableAddChunkPushByteMode (node:internal/streams/readable:512:3)
      at Readable.push (node:internal/streams/readable:392:5)
      at Pipe.onStreamRead (node:internal/stream_base_commons:189:23) [33m(x2)[39m
[2m12:21:03 PM[22m [31m[1m[vite][22m[39m [31m[2m(client)[22m[39m Pre-transform error: Transform failed with 1 error:
/opt/web-sdk/apps/scatter/src/game/assets.ts:144:13: ERROR: Expected ":" but found ","
  Plugin: [35mvite:esbuild[39m
  File: [36m/opt/web-sdk/apps/scatter/src/game/assets.ts[39m:144:13
[33m  
  [33mExpected ":" but found ","[33m
  142|  			atlas: '/assets/spines/symbols/l4.atlas',
  143|  			skeleton: '/assets/spines/symbols/l4.json',
  144|  			scale: 0,5,
     |               ^
  145|  		},
  146|  	},
  [39m















































[1;1H[0J[2m12:21:03 PM[22m [31m[1m[vite][22m[39m [31mInternal server error: Transform failed with 1 error:
/opt/web-sdk/apps/scatter/src/game/assets.ts:144:13: ERROR: Expected ":" but found ","[39m
  Plugin: [35mvite:esbuild[39m
  File: [36m/opt/web-sdk/apps/scatter/src/game/assets.ts[39m:144:13
[33m  
  [33mExpected ":" but found ","[33m
  142|  			atlas: '/assets/spines/symbols/l4.atlas',
  143|  			skeleton: '/assets/spines/symbols/l4.json',
  144|  			scale: 0,5,
     |               ^
  145|  		},
  146|  	},
  [39m
      at failureErrorWithLog (/opt/web-sdk/node_modules/.pnpm/esbuild@0.25.5/node_modules/esbuild/lib/main.js:1463:15)
      at /opt/web-sdk/node_modules/.pnpm/esbuild@0.25.5/node_modules/esbuild/lib/main.js:734:50
      at responseCallbacks.<computed> (/opt/web-sdk/node_modules/.pnpm/esbuild@0.25.5/node_modules/esbuild/lib/main.js:601:9)
      at handleIncomingPacket (/opt/web-sdk/node_modules/.pnpm/esbuild@0.25.5/node_modules/esbuild/lib/main.js:656:12)
      at Socket.readFromStdout (/opt/web-sdk/node_modules/.pnpm/esbuild@0.25.5/node_modules/esbuild/lib/main.js:579:7)
      at Socket.emit (node:events:518:28)
      at addChunk (node:internal/streams/readable:561:12)
      at readableAddChunkPushByteMode (node:internal/streams/readable:512:3)
      at Readable.push (node:internal/streams/readable:392:5)
      at Pipe.onStreamRead (node:internal/stream_base_commons:189:23)















































[1;1H[0J[2m12:21:03 PM[22m [31m[1m[vite][22m[39m [31mInternal server error: Transform failed with 1 error:
/opt/web-sdk/apps/scatter/src/game/assets.ts:144:13: ERROR: Expected ":" but found ","[39m
  Plugin: [35mvite:esbuild[39m
  File: [36m/opt/web-sdk/apps/scatter/src/game/assets.ts[39m:144:13
[33m  
  [33mExpected ":" but found ","[33m
  142|  			atlas: '/assets/spines/symbols/l4.atlas',
  143|  			skeleton: '/assets/spines/symbols/l4.json',
  144|  			scale: 0,5,
     |               ^
  145|  		},
  146|  	},
  [39m
      at failureErrorWithLog (/opt/web-sdk/node_modules/.pnpm/esbuild@0.25.5/node_modules/esbuild/lib/main.js:1463:15)
      at /opt/web-sdk/node_modules/.pnpm/esbuild@0.25.5/node_modules/esbuild/lib/main.js:734:50
      at responseCallbacks.<computed> (/opt/web-sdk/node_modules/.pnpm/esbuild@0.25.5/node_modules/esbuild/lib/main.js:601:9)
      at handleIncomingPacket (/opt/web-sdk/node_modules/.pnpm/esbuild@0.25.5/node_modules/esbuild/lib/main.js:656:12)
      at Socket.readFromStdout (/opt/web-sdk/node_modules/.pnpm/esbuild@0.25.5/node_modules/esbuild/lib/main.js:579:7)
      at Socket.emit (node:events:518:28)
      at addChunk (node:internal/streams/readable:561:12)
      at readableAddChunkPushByteMode (node:internal/streams/readable:512:3)
      at Readable.push (node:internal/streams/readable:392:5)
      at Pipe.onStreamRead (node:internal/stream_base_commons:189:23) [33m(x2)[39m















































[1;1H[0J[2m12:21:07 PM[22m [36m[1m[vite][22m[39m [90m[2m(client)[22m[39m [32mhmr update [39m[2m/@id/__x00__virtual:/@storybook/builder-vite/vite-app.js, /src/components/Game.svelte, /src/components/EnableSound.svelte, /src/components/EnableGameActor.svelte, /src/components/ResumeBet.svelte, /src/components/Sound.svelte, /src/components/Background.svelte, /src/components/BoardFrame.svelte, /src/components/BoardFrameOverlay.svelte, /src/components/Board.svelte, /src/components/Anticipations.svelte, /src/components/LoadingScreen.svelte, /src/components/ClusterWinAmounts.svelte, /src/components/TumbleBoard.svelte, /src/components/TumbleWinAmount.svelte, /src/components/GlobalMultiplier.svelte, /src/components/MultiplierBoard.svelte, /src/components/MultiplierTotal.svelte, /src/components/Win.svelte, /src/components/FreeSpinIntro.svelte, /src/components/FreeSpinCounter.svelte, /src/components/FreeSpinOutro.svelte, /src/components/Transition.svelte, /src/components/JcaHud.svelte, /src/components/Symbol.svelte, /src/components/BoardContainer.svelte, /src/components/BoardMask.svelte, /src/components/BoardBase.svelte, /src/components/Anticipation.svelte, /src/components/TransitionAnimation.svelte, /src/components/PressToContinue.svelte, /src/components/ClusterWinAmount.svelte, /src/components/TumbleBoardBase.svelte, /src/components/TumbleWinAmountWrap.svelte, /src/components/MultiplierBoardBase.svelte, /src/components/WinCoins.svelte, /src/components/WinAnimation.svelte, /src/components/FreeSpinAnimation.svelte, /src/components/JcaMainHud.svelte[22m















































[1;1H[0J[2m12:21:23 PM[22m [36m[1m[vite][22m[39m [90m[2m(client)[22m[39m [32mhmr update [39m[2m/@id/__x00__virtual:/@storybook/builder-vite/vite-app.js, /src/components/Game.svelte, /src/components/EnableSound.svelte, /src/components/EnableGameActor.svelte, /src/components/ResumeBet.svelte, /src/components/Sound.svelte, /src/components/Background.svelte, /src/components/BoardFrame.svelte, /src/components/BoardFrameOverlay.svelte, /src/components/Board.svelte, /src/components/Anticipations.svelte, /src/components/LoadingScreen.svelte, /src/components/ClusterWinAmounts.svelte, /src/components/TumbleBoard.svelte, /src/components/TumbleWinAmount.svelte, /src/components/GlobalMultiplier.svelte, /src/components/MultiplierBoard.svelte, /src/components/MultiplierTotal.svelte, /src/components/Win.svelte, /src/components/FreeSpinIntro.svelte, /src/components/FreeSpinCounter.svelte, /src/components/FreeSpinOutro.svelte, /src/components/Transition.svelte, /src/components/JcaHud.svelte, /src/components/Symbol.svelte, /src/components/BoardContainer.svelte, /src/components/BoardMask.svelte, /src/components/BoardBase.svelte, /src/components/Anticipation.svelte, /src/components/TransitionAnimation.svelte, /src/components/PressToContinue.svelte, /src/components/ClusterWinAmount.svelte, /src/components/TumbleBoardBase.svelte, /src/components/TumbleWinAmountWrap.svelte, /src/components/MultiplierBoardBase.svelte, /src/components/WinCoins.svelte, /src/components/WinAnimation.svelte, /src/components/FreeSpinAnimation.svelte, /src/components/JcaMainHud.svelte[22m [33m(x2)[39m
CSF Parsing error: Expected 'ObjectExpression' but found 'undefined' instead in 'Identifier'.















































[1;1H[0J[2m12:22:03 PM[22m [36m[1m[vite][22m[39m [90m[2m(client)[22m[39m [32mhmr update [39m[2m/@id/__x00__virtual:/@storybook/builder-vite/vite-app.js, /src/components/Game.svelte, /src/components/EnableSound.svelte, /src/components/EnableGameActor.svelte, /src/components/ResumeBet.svelte, /src/components/Sound.svelte, /src/components/Background.svelte, /src/components/BoardFrame.svelte, /src/components/BoardFrameOverlay.svelte, /src/components/Board.svelte, /src/components/Anticipations.svelte, /src/components/LoadingScreen.svelte, /src/components/ClusterWinAmounts.svelte, /src/components/TumbleBoard.svelte, /src/components/TumbleWinAmount.svelte, /src/components/GlobalMultiplier.svelte, /src/components/MultiplierBoard.svelte, /src/components/MultiplierTotal.svelte, /src/components/Win.svelte, /src/components/FreeSpinIntro.svelte, /src/components/FreeSpinCounter.svelte, /src/components/FreeSpinOutro.svelte, /src/components/Transition.svelte, /src/components/JcaHud.svelte, /src/components/Symbol.svelte, /src/components/BoardContainer.svelte, /src/components/BoardMask.svelte, /src/components/BoardBase.svelte, /src/components/Anticipation.svelte, /src/components/TransitionAnimation.svelte, /src/components/PressToContinue.svelte, /src/components/ClusterWinAmount.svelte, /src/components/TumbleBoardBase.svelte, /src/components/TumbleWinAmountWrap.svelte, /src/components/MultiplierBoardBase.svelte, /src/components/WinCoins.svelte, /src/components/WinAnimation.svelte, /src/components/FreeSpinAnimation.svelte, /src/components/JcaMainHud.svelte[22m [33m(x3)[39m
CSF Parsing error: Expected 'ObjectExpression' but found 'undefined' instead in 'Identifier'.















































[1;1H[0J[2m12:55:43 PM[22m [36m[1m[vite][22m[39m [90m[2m(client)[22m[39m [32mhmr update [39m[2m/@id/__x00__virtual:/@storybook/builder-vite/vite-app.js, /src/components/Game.svelte, /src/components/EnableSound.svelte, /src/components/EnableGameActor.svelte, /src/components/ResumeBet.svelte, /src/components/Sound.svelte, /src/components/Background.svelte, /src/components/BoardFrame.svelte, /src/components/BoardFrameOverlay.svelte, /src/components/Board.svelte, /src/components/Anticipations.svelte, /src/components/LoadingScreen.svelte, /src/components/ClusterWinAmounts.svelte, /src/components/TumbleBoard.svelte, /src/components/TumbleWinAmount.svelte, /src/components/GlobalMultiplier.svelte, /src/components/MultiplierBoard.svelte, /src/components/MultiplierTotal.svelte, /src/components/Win.svelte, /src/components/FreeSpinIntro.svelte, /src/components/FreeSpinCounter.svelte, /src/components/FreeSpinOutro.svelte, /src/components/Transition.svelte, /src/components/JcaHud.svelte, /src/components/Symbol.svelte, /src/components/BoardContainer.svelte, /src/components/BoardMask.svelte, /src/components/BoardBase.svelte, /src/components/Anticipation.svelte, /src/components/TransitionAnimation.svelte, /src/components/PressToContinue.svelte, /src/components/ClusterWinAmount.svelte, /src/components/TumbleBoardBase.svelte, /src/components/TumbleWinAmountWrap.svelte, /src/components/MultiplierBoardBase.svelte, /src/components/WinCoins.svelte, /src/components/WinAnimation.svelte, /src/components/FreeSpinAnimation.svelte, /src/components/JcaMainHud.svelte[22m [33m(x4)[39m















































[1;1H[0J[2m12:55:43 PM[22m [36m[1m[vite][22m[39m [90m[2m(client)[22m[39m [32mhmr update [39m[2m/@id/__x00__virtual:/@storybook/builder-vite/vite-app.js, /src/components/Game.svelte, /src/components/EnableSound.svelte, /src/components/EnableGameActor.svelte, /src/components/ResumeBet.svelte, /src/components/Sound.svelte, /src/components/Background.svelte, /src/components/BoardFrame.svelte, /src/components/BoardFrameOverlay.svelte, /src/components/Board.svelte, /src/components/Anticipations.svelte, /src/components/LoadingScreen.svelte, /src/components/ClusterWinAmounts.svelte, /src/components/TumbleBoard.svelte, /src/components/TumbleWinAmount.svelte, /src/components/GlobalMultiplier.svelte, /src/components/MultiplierBoard.svelte, /src/components/MultiplierTotal.svelte, /src/components/Win.svelte, /src/components/FreeSpinIntro.svelte, /src/components/FreeSpinCounter.svelte, /src/components/FreeSpinOutro.svelte, /src/components/Transition.svelte, /src/components/JcaHud.svelte, /src/components/Symbol.svelte,